{
    "id": 1,
    "internal_id": "Cum.",
    "name": "Willow Deckow",
    "address": "167 Claude Pass",
    "city": "Loweville",
    "state": "Connecticut",
    "zip_code": "35621-3166",
    "country": "Saudi Arabia",
    "phone_number": "(407) 735-3154",
    "email": "oconnell.taurean@example.com",
    "created_at": "2023-02-20T14:33:42.000000Z",
    "updated_at": "2023-02-20T14:33:42.000000Z",
    "users": [
        {
            "id": 1,
            "name": "Dr. Ines Adams Jr.",
            "email": "aconnelly@example.com",
            "email_verified_at": "2023-02-20T14:33:42.000000Z",
            "created_at": "2023-02-20T14:33:42.000000Z",
            "updated_at": "2023-02-20T14:33:42.000000Z",
            "pivot": {
                "hotel_id": "1",
                "user_id": "1"
            }
        }
    ]
}
