{
    "current_page": 1,
    "data": [
        {
            "id": 1,
            "internal_id": "Quis.",
            "name": "Dr. Darian Kuphal V",
            "address": "8845 Rippin Cliffs Apt. 106\nEast Freddiestad, NE 04476",
            "city": "Labadieside",
            "state": "Minnesota",
            "zip_code": "29999-6372",
            "country": "Cyprus",
            "phone_number": "+1 (917) 573-3943",
            "email": "iva.bartoletti@example.com",
            "created_at": "2023-02-20T13:23:26.000000Z",
            "updated_at": "2023-02-20T13:23:26.000000Z"
        },
        {
            "id": 2,
            "internal_id": "Quia.",
            "name": "Otis Wiza",
            "address": "843 Aniyah Street\nChandlerfort, VT 42604-8085",
            "city": "Schambergerchester",
            "state": "Wyoming",
            "zip_code": "25330",
            "country": "Sweden",
            "phone_number": "727-348-1719",
            "email": "abernathy.crawford@example.net",
            "created_at": "2023-02-20T13:23:26.000000Z",
            "updated_at": "2023-02-20T13:23:26.000000Z"
        },
        {
            "id": 3,
            "internal_id": "Ipsa.",
            "name": "Sanford Legros",
            "address": "1160 Otha Radial\nGwendolynfurt, RI 70278",
            "city": "Lake Furman",
            "state": "Virginia",
            "zip_code": "64629",
            "country": "Morocco",
            "phone_number": "+1-331-223-9367",
            "email": "alexa05@example.org",
            "created_at": "2023-02-20T13:23:26.000000Z",
            "updated_at": "2023-02-20T13:23:26.000000Z"
        },
        {
            "id": 4,
            "internal_id": "Et.",
            "name": "Mr. Stevie Stamm",
            "address": "5732 Drew Manors\nEast Rosalinda, SD 54219-9270",
            "city": "Salvadorland",
            "state": "Mississippi",
            "zip_code": "34792-1449",
            "country": "Grenada",
            "phone_number": "(870) 792-8232",
            "email": "zulauf.pete@example.org",
            "created_at": "2023-02-20T13:23:26.000000Z",
            "updated_at": "2023-02-20T13:23:26.000000Z"
        },
        {
            "id": 5,
            "internal_id": "Qui.",
            "name": "Alisa Pfannerstill",
            "address": "572 Klein Square\nJewelbury, MD 23794-8422",
            "city": "South Felicityton",
            "state": "Kansas",
            "zip_code": "64108",
            "country": "Mali",
            "phone_number": "628-587-8419",
            "email": "rgutkowski@example.com",
            "created_at": "2023-02-20T13:23:26.000000Z",
            "updated_at": "2023-02-20T13:23:26.000000Z"
        },
        {
            "id": 6,
            "internal_id": "Eius.",
            "name": "Fernando O'Reilly Sr.",
            "address": "470 Wyman Village Suite 010\nWest Keely, DE 17381",
            "city": "New Shayleeside",
            "state": "Oregon",
            "zip_code": "30125-4211",
            "country": "Honduras",
            "phone_number": "+16518150162",
            "email": "kbode@example.org",
            "created_at": "2023-02-20T13:23:26.000000Z",
            "updated_at": "2023-02-20T13:23:26.000000Z"
        },
        {
            "id": 7,
            "internal_id": "Ut.",
            "name": "Bridgette O'Kon",
            "address": "94352 Alejandrin Light Apt. 317\nKuhicview, DE 34266",
            "city": "Vinnietown",
            "state": "North Carolina",
            "zip_code": "12531-3700",
            "country": "Saint Barthelemy",
            "phone_number": "551-384-0433",
            "email": "storp@example.org",
            "created_at": "2023-02-20T13:23:26.000000Z",
            "updated_at": "2023-02-20T13:23:26.000000Z"
        },
        {
            "id": 8,
            "internal_id": "Sed.",
            "name": "Filomena Ebert",
            "address": "94614 Alverta Turnpike Apt. 237\nWest Fredtown, AZ 34254",
            "city": "New Kristahaven",
            "state": "New Jersey",
            "zip_code": "65871",
            "country": "Brazil",
            "phone_number": "+1 (225) 388-5984",
            "email": "horace.ankunding@example.com",
            "created_at": "2023-02-20T13:23:26.000000Z",
            "updated_at": "2023-02-20T13:23:26.000000Z"
        },
        {
            "id": 9,
            "internal_id": "Et.",
            "name": "Jett Haag",
            "address": "789 Idell Station Apt. 393\nDeckowview, DE 05208-6659",
            "city": "Muhammadtown",
            "state": "South Dakota",
            "zip_code": "36786-3456",
            "country": "Chad",
            "phone_number": "754-819-4975",
            "email": "seamus89@example.com",
            "created_at": "2023-02-20T13:23:26.000000Z",
            "updated_at": "2023-02-20T13:23:26.000000Z"
        },
        {
            "id": 10,
            "internal_id": "Aut.",
            "name": "Roy Stark",
            "address": "1643 Abdul Club Suite 731\nLake Lola, WA 36670-5416",
            "city": "Hauckside",
            "state": "Michigan",
            "zip_code": "12843",
            "country": "Djibouti",
            "phone_number": "530.978.7588",
            "email": "zskiles@example.com",
            "created_at": "2023-02-20T13:23:26.000000Z",
            "updated_at": "2023-02-20T13:23:26.000000Z"
        }
    ],
    "first_page_url": "http:\/\/localhost\/api\/hotels?page=1",
    "from": 1,
    "last_page": 1,
    "last_page_url": "http:\/\/localhost\/api\/hotels?page=1",
    "links": [
        {
            "url": null,
            "label": "&laquo; Previous",
            "active": false
        },
        {
            "url": "http:\/\/localhost\/api\/hotels?page=1",
            "label": "1",
            "active": true
        },
        {
            "url": null,
            "label": "Next &raquo;",
            "active": false
        }
    ],
    "next_page_url": null,
    "path": "http:\/\/localhost\/api\/hotels",
    "per_page": 15,
    "prev_page_url": null,
    "to": 10,
    "total": 10
}
