{
    "id": 1,
    "internal_id": "Ut.",
    "name": "Kurt Parker Jr.",
    "address": "63251 Hamill Path\nEast Ruthestad, IL 79895",
    "city": "New Emilymouth",
    "state": "Alabama",
    "zip_code": "92970-3585",
    "country": "Equatorial Guinea",
    "phone_number": "+1.872.924.1302",
    "email": "larson.jaquan@example.com",
    "created_at": "2023-02-20T13:29:10.000000Z",
    "updated_at": "2023-02-20T13:29:10.000000Z"
}
